<html>
<body>
<pre>
<h1>µVision Build Log</h1>
<h2>Project:</h2>
D:\Firmware\SPI-LPC1768-AS1110\uv4\SSP.uvproj
Project File Date:  02/19/2017

<h2>Output:</h2>
Rebuild target 'Target 1'
assembling startup_LPC17xx.s...
compiling system_LPC17xx.c...
compiling main.c...
compiling lpc17xx_clkpwr.c...
compiling lpc17xx_gpio.c...
compiling lpc17xx_libcfg_default.c...
compiling lpc17xx_pinsel.c...
compiling lpc17xx_ssp.c...
linking...
Program Size: Code=5072 RO-data=236 RW-data=12 ZI-data=612  
"..\output\SSP.axf" - 0 Error(s), 0 Warning(s).
Load "..\\output\\SSP.axf" 
Erase Done.
Programming Done.
Verify OK.
</pre>
</body>
</html>
