<html>
<body>
<pre>
<h1>µVision Build Log</h1>
<h2>Project:</h2>
D:\FIRMWARE\LPC1768-SPI-AS1110\uv4\SSP.uvproj
Project File Date:  03/02/2017

<h2>Output:</h2>
Build target 'Target 1'
linking...
Program Size: Code=5244 RO-data=256 RW-data=12 ZI-data=620  
"..\output\SSP.axf" - 0 Error(s), 0 Warning(s).
Load "..\\output\\SSP.axf" 
Erase Done.
Programming Done.
Verify OK.
Application running ...
</pre>
</body>
</html>

"..\output\SSP.axf" - 0 Error(s), 1 Warning(s).
Load "..\\output\\SSP.axf" 
Error: Flash Download failed  -  Target DLL has been cancelled
...
g(s).
Load "..\\output\\SSP.axf" 
Erase Done.
Programming Done.
Verify OK.
Application running ...
...
compiling main.c...
..\src\main.c(25): warning:  #1295-D: Deprecated declaration writeToBuffer - give arg types
  void writeToBuffer();
..\src\main.c: 1 warning, 0 errors
"..\src\main.c" - 0 Error(s), 1 Warning(s).
t load file '..\output\SSP.axf'
2 warnings, 0 errors
"..\src\main.c" - 0 Error(s), 2 Warning(s).
Load "..\\output\\SSP.axf" 
_____^
*** error 56: cannot open file
Error: Flash Download failed  -  Could not load file '..\output\SSP.axf'
